
> backend@1.0.0 dev
> tsx watch src/server.ts

◇ injected env (2) from .env // tip: ◈ encrypted .env [www.dotenvx.com]
Server rodando na porta 3000
10:05:50 [tsx] change in ./src\middlewares\validate.ts Restarting...
c10:05:51 [tsx] change in ./src\routes\product.routes.ts Restarting...
c◇ injected env (2) from .env // tip: ⌘ override existing { override: true }
Server rodando na porta 3000
10:07:46 [tsx] change in ./src\services\SellerDashboardService.ts Restarting...
c10:07:46 [tsx] change in ./src\routes\seller.routes.ts Restarting...
c◇ injected env (2) from .env // tip: ⌘ enable debugging { debug: true }
Server rodando na porta 3000
12:13:13 [tsx] change in ./src\schemas\product.schema.ts Rerunning...
c12:13:13 [tsx] change in ./src\services\ProductService.ts Restarting...
c12:13:14 [tsx] change in ./src\routes\product.routes.ts Restarting...
c12:13:14 [tsx] change in ./src\app.ts Restarting...
c12:18:29 [tsx] unlink in ./generated\prisma\index.js Rerunning...
c◇ injected env (2) from .env // tip: ◈ encrypted .env [www.dotenvx.com]
Server rodando na porta 3000
12:26:02 [tsx] change in ./src\services\ProductService.ts Restarting...
c12:26:03 [tsx] change in ./src\services\SellerDashboardService.ts Restarting...
c12:26:03 [tsx] change in ./src\routes\product.routes.ts Restarting...
c12:26:03 [tsx] change in ./src\schemas\product.schema.ts Restarting...
c◇ injected env (2) from .env // tip: ◈ secrets for agents [www.dotenvx.com]
12:28:29 [tsx] change in ./generated\prisma\query_compiler_fast_bg.wasm-base64.js Rerunning...
c◇ injected env (2) from .env // tip: ◈ encrypted .env [www.dotenvx.com]
Server rodando na porta 3000
12:35:04 [tsx] change in ./generated\prisma\query_compiler_fast_bg.js Restarting...
c◇ injected env (2) from .env // tip: ⌁ auth for agents [www.vestauth.com]
