TypeError: Cannot set property query of #<IncomingMessage> which has only a getter
    at <anonymous> (C:\Users\pc005\OneDrive\Imagens\Documentos\E-commerce\backend\src\middlewares\validate.ts:14:9)
    at Layer.handleRequest (C:\Users\pc005\OneDrive\Imagens\Documentos\E-commerce\backend\node_modules\router\lib\layer.js:152:17)
    at next (C:\Users\pc005\OneDrive\Imagens\Documentos\E-commerce\backend\node_modules\router\lib\route.js:157:13)
    at Route.dispatch (C:\Users\pc005\OneDrive\Imagens\Documentos\E-commerce\backend\node_modules\router\lib\route.js:117:3)
    at handle (C:\Users\pc005\OneDrive\Imagens\Documentos\E-commerce\backend\node_modules\router\index.js:435:11)
    at Layer.handleRequest (C:\Users\pc005\OneDrive\Imagens\Documentos\E-commerce\backend\node_modules\router\lib\layer.js:152:17)
    at C:\Users\pc005\OneDrive\Imagens\Documentos\E-commerce\backend\node_modules\router\index.js:295:15
    at processParams (C:\Users\pc005\OneDrive\Imagens\Documentos\E-commerce\backend\node_modules\router\index.js:582:12)
    at next (C:\Users\pc005\OneDrive\Imagens\Documentos\E-commerce\backend\node_modules\router\index.js:291:5)
    at router.handle (C:\Users\pc005\OneDrive\Imagens\Documentos\E-commerce\backend\node_modules\router\index.js:186:3)
PrismaClientKnownRequestError: 
Invalid `prisma.product.findMany()` invocation in
C:\Users\pc005\OneDrive\Imagens\Documentos\E-commerce\backend\src\services\ProductService.ts:31:22

  28 };
  29 
  30 const [items, total] = await prisma.$transaction([
→ 31   prisma.product.findMany(
The column `(not available)` does not exist in the current database.
    at zr.handleRequestError (C:\Users\pc005\OneDrive\Imagens\Documentos\E-commerce\backend\generated\prisma\runtime\client.js:69:8286)
    at zr.handleAndLogRequestError (C:\Users\pc005\OneDrive\Imagens\Documentos\E-commerce\backend\generated\prisma\runtime\client.js:69:7581)
    at zr.request (C:\Users\pc005\OneDrive\Imagens\Documentos\E-commerce\backend\generated\prisma\runtime\client.js:69:7288)
    at process.processTicksAndRejections (node:internal/process/task_queues:103:5)
    at async a (C:\Users\pc005\OneDrive\Imagens\Documentos\E-commerce\backend\generated\prisma\runtime\client.js:79:6862) {
  code: 'P2022',
  meta: {
    modelName: 'Product',
    driverAdapterError: DriverAdapterError: ColumnNotFound
        at PgTransaction.onError (file:///C:/Users/pc005/OneDrive/Imagens/Documentos/E-commerce/backend/node_modules/@prisma/adapter-pg/dist/index.mjs:642:11)
        at PgTransaction.performIO (file:///C:/Users/pc005/OneDrive/Imagens/Documentos/E-commerce/backend/node_modules/@prisma/adapter-pg/dist/index.mjs:637:12)
        at process.processTicksAndRejections (node:internal/process/task_queues:103:5)
        at async PgTransaction.queryRaw (file:///C:/Users/pc005/OneDrive/Imagens/Documentos/E-commerce/backend/node_modules/@prisma/adapter-pg/dist/index.mjs:568:30)
        at async e.interpretNode (C:\Users\pc005\OneDrive\Imagens\Documentos\E-commerce\backend\generated\prisma\runtime\client.js:15:44621)
        at async e.interpretNode (C:\Users\pc005\OneDrive\Imagens\Documentos\E-commerce\backend\generated\prisma\runtime\client.js:15:43744)
        at async e.interpretNode (C:\Users\pc005\OneDrive\Imagens\Documentos\E-commerce\backend\generated\prisma\runtime\client.js:15:46285)
        at async e.run (C:\Users\pc005\OneDrive\Imagens\Documentos\E-commerce\backend\generated\prisma\runtime\client.js:15:43335)
        at async e.execute (C:\Users\pc005\OneDrive\Imagens\Documentos\E-commerce\backend\generated\prisma\runtime\client.js:61:815)
        at async jt.requestBatch (C:\Users\pc005\OneDrive\Imagens\Documentos\E-commerce\backend\generated\prisma\runtime\client.js:62:3676) {
      cause: [Object]
    }
  },
  clientVersion: '7.8.0'
}
node:internal/modules/package_json_reader:316
  throw new ERR_MODULE_NOT_FOUND(packageName, fileURLToPath(base), null);
        ^

Error [ERR_MODULE_NOT_FOUND]: Cannot find package 'multer' imported from C:\Users\pc005\OneDrive\Imagens\Documentos\E-commerce\backend\src\middlewares\upload.ts
    at Object.getPackageJSONURL (node:internal/modules/package_json_reader:316:9)
    at packageResolve (node:internal/modules/esm/resolve:768:81)
    at moduleResolve (node:internal/modules/esm/resolve:858:18)
    at defaultResolve (node:internal/modules/esm/resolve:990:11)
    at #cachedDefaultResolve (node:internal/modules/esm/loader:718:20)
    at #resolveAndMaybeBlockOnLoaderThread (node:internal/modules/esm/loader:735:38)
    at nextStep (node:internal/modules/customization_hooks:189:26)
    at resolveBaseSync (file:///C:/Users/pc005/OneDrive/Imagens/Documentos/E-commerce/backend/node_modules/tsx/dist/register-D_B8UL5H.mjs:2:8642)
    at resolveDirectorySync (file:///C:/Users/pc005/OneDrive/Imagens/Documentos/E-commerce/backend/node_modules/tsx/dist/register-D_B8UL5H.mjs:2:9781)
    at resolveTsPathsSync (file:///C:/Users/pc005/OneDrive/Imagens/Documentos/E-commerce/backend/node_modules/tsx/dist/register-D_B8UL5H.mjs:2:11014) {
  code: 'ERR_MODULE_NOT_FOUND'
}

Node.js v24.13.0
(node:31928) DeprecationWarning: Calling client.query() when the client is already executing a query is deprecated and will be removed in pg@9.0. Use async/await or an external async flow control mechanism instead.
(Use `node --trace-deprecation ...` to show where the warning was created)
node:events:486
      throw er; // Unhandled 'error' event
      ^

Error: listen EADDRINUSE: address already in use :::3000
    at Server.setupListenHandle [as _listen2] (node:net:1940:16)
    at listenInCluster (node:net:1997:12)
    at Server.listen (node:net:2102:7)
    at <anonymous> (C:\Users\pc005\OneDrive\Imagens\Documentos\E-commerce\backend\src\server.ts:17:12)
    at ModuleJob.run (node:internal/modules/esm/module_job:413:25)
    at async onImport.tracePromise.__proto__ (node:internal/modules/esm/loader:660:26)
    at async asyncRunEntryPointWithESMLoader (node:internal/modules/run_main:101:5)
Emitted 'error' event on Server instance at:
    at emitErrorNT (node:net:1976:8)
    at process.processTicksAndRejections (node:internal/process/task_queues:89:21) {
  code: 'EADDRINUSE',
  errno: -4091,
  syscall: 'listen',
  address: '::',
  port: 3000
}

Node.js v24.13.0
node:events:486
      throw er; // Unhandled 'error' event
      ^

Error: listen EADDRINUSE: address already in use :::3000
    at Server.setupListenHandle [as _listen2] (node:net:1940:16)
    at listenInCluster (node:net:1997:12)
    at Server.listen (node:net:2102:7)
    at <anonymous> (C:\Users\pc005\OneDrive\Imagens\Documentos\E-commerce\backend\src\server.ts:17:12)
    at ModuleJob.run (node:internal/modules/esm/module_job:413:25)
    at async onImport.tracePromise.__proto__ (node:internal/modules/esm/loader:660:26)
    at async asyncRunEntryPointWithESMLoader (node:internal/modules/run_main:101:5)
Emitted 'error' event on Server instance at:
    at emitErrorNT (node:net:1976:8)
    at process.processTicksAndRejections (node:internal/process/task_queues:89:21) {
  code: 'EADDRINUSE',
  errno: -4091,
  syscall: 'listen',
  address: '::',
  port: 3000
}

Node.js v24.13.0
